// Jest Snapshot v1, https://goo.gl/fbAQLP

exports[`Test the Preview component renders correctly 1`] = `
<a
  className="box"
  href="/pokemon/details/1"
  onClick={[Function]}
>
  <div
    className="oval"
  >
    <h1>
      01
    </h1>
    <img
      alt=""
      src="pokeball.png"
    />
    <h2>
      BULBASAUR
    </h2>
  </div>
</a>
`;
